// Jest Snapshot v1, https://goo.gl/fbAQLP

exports[`Carousel component should render correctly 1`] = `
<div
  className="Carousel__CarouselWrapper-sc-1g5uv4n-7 rdylg"
  data-test="carousel"
>
  <img
    className="Carousel__MainImage-sc-1g5uv4n-6 jehvDi"
    src="data:image/gif;base64,R0lGODlhEAAQAMQAAORHHOVSKudfOulrSOp3WOyDZu6QdvCchPGolfO0o/XBs/fNwfjZ0frl3/zy7////wAAAAAAAAAAAAAAAAAAAAAAAAAAAAAAAAAAAAAAAAAAAAAAAAAAAAAAAAAAAAAAACH5BAkAABAALAAAAAAQABAAAAVVICSOZGlCQAosJ6mu7fiyZeKqNKToQGDsM8hBADgUXoGAiqhSvp5QAnQKGIgUhwFUYLCVDFCrKUE1lBavAViFIDlTImbKC5Gm2hB0SlBCBMQiB0UjIQA7"
  />
  <div
    className="Carousel__ViewLargerWrapper-sc-1g5uv4n-9 eUFKZo"
    data-test="viewLarger"
    onClick={[Function]}
  >
    <div
      className="Carousel__ViewLargerIcon-sc-1g5uv4n-8 gOrAyT"
    />
     view larger
  </div>
  <div
    className="Carousel__ThumbnailControl-sc-1g5uv4n-2 eGUYss"
  >
    <div
      className="Carousel__CenterThumbnailBtn-sc-1g5uv4n-5 kOKioA"
    >
      <button
        className="Carousel__ThumbnailBtnLeft-sc-1g5uv4n-3 fpqhIy"
        data-test="thumbnailBtnLeft"
        onClick={[Function]}
      />
    </div>
    <div
      className="Carousel__ThumbnailImageMask-sc-1g5uv4n-1 eOOwzH"
    >
      <img
        className="Carousel__Thumbnail-sc-1g5uv4n-0 giytOa"
        onClick={[Function]}
        src="data:image/gif;base64,R0lGODlhEAAQAMQAAORHHOVSKudfOulrSOp3WOyDZu6QdvCchPGolfO0o/XBs/fNwfjZ0frl3/zy7////wAAAAAAAAAAAAAAAAAAAAAAAAAAAAAAAAAAAAAAAAAAAAAAAAAAAAAAAAAAAAAAACH5BAkAABAALAAAAAAQABAAAAVVICSOZGlCQAosJ6mu7fiyZeKqNKToQGDsM8hBADgUXoGAiqhSvp5QAnQKGIgUhwFUYLCVDFCrKUE1lBavAViFIDlTImbKC5Gm2hB0SlBCBMQiB0UjIQA7"
      />
      <img
        className="Carousel__Thumbnail-sc-1g5uv4n-0 kjTMef"
        onClick={[Function]}
        src="data:image/png;base64,iVBORw0KGgoAAAANSUhEUgAAAGQAAABVCAYAAAC/xEFcAAAAIGNIUk0AAHolAACAgwAA+f8AAIDpAAB1MAAA6mAAADqYAAAXb5JfxUYAAC/8SURBVHja7L150KbpVd73u7dnefdv7XX20WikkRAaxCaBcRCEGIqESiJwSGFXhdgJzuY4qSKpUNgOsVMB5w8vie04OCRUxQ5JxYWNYxKKMjKO2WRHCO0zo5me3vtb3v3Z7uXkj+ft1giDUUQPPaR4q76q7uqvn/76Ps9Zruucc91KRPi9z1vno/7FP/Dtb9ajsabEh8gTz72drBzQbta0bYtvG5o2cHh0xKrZYIhsV1sUmoPjw6+JIt+83Wyer+vmCSFdAnLghOBvOGNfbhr/Kav1x4rZ9JXF+ekJKSI+UlUNxbAAaRFRtG2DiGI0nmG1RXjrvnx/+6f+FwDso/whtNYopUgpvQNJ39VUm2+7+erifTFFvPd47xERnHN476+kFL5cG4NSFmsd62Z7lmL4iFLqpzNt/5ZS6ppSit/NTv9oDKIUSmm9Wa2/p6vXf6iuVh8IXZvH4Gk7j9KalBJJBEQRVSKGSEwRlYSUIim1IOkA+BYR+RaQ/1wb/cvG8WFr+Z+UUtd+zyC/pR0USmlSjF+33Sx++Pzu5mtzZ/GhI6RI17WARgsYo8mMo+06qqoihEBmLEoDMaJRrJsteZ7T1DWCjL3vPrhazj84nUz+RDEYfL9S6r/73eYt9ncyPMUYvn69nH9P21R/OHZVpogkBJ9agg+IJPLMotBUVUXnO5q2xTmHs5ZNs72fntBag0RS9MToybKCtmmpupa2nc/yYv1Xp9PJu7O8/AFg+XsGecNH4PJ6ufyTJ9df/yOxrZUpcqL3xK4lBKHualISvO9o6pbMZX3ISglrDdZaOu+pqwq0Jrwhv5RliYiw3VYYY7HW0jQNy3WDb5t/d//w6MJ4PPtO4HdFbnnTDWKM+arT2zf+17aqHq83W4xWVMsl69WS3GqaEIgCKSVENN63+M5jjQWEEDxt27Ddbul8xGU5Sim898QYCSHgvcdaR1kaYowYY4gxsVwsSDF+KCtGf+z46Pi/VZLe+gZRSr05XiGA0n86+fj9y7OT3FqDMrCpK9q2wVhDkMRqs2Fb1ZR5wXQ0pu42u4P2SAKtDFVbg1Z0PtGFgEjE+5aYBGstMQbaoKl9hRIIIaKzDJfldJ3n7q3rf6kssnVK6cff6rjLtl3zkNEHu1I1/0BTNz8oAtoYNtstIkJdV8QU6VJCgifESJZlWGPYbjZs6oqmawg+MB1P6NoGpXuP0NaQEOq6IaWE0Q6lLNpofKjxocWqDI0l+UAdE2QZnT9Xr3wu/cXji4/9DKLuvJXxiE3p4ScMpfTIufwvhC4QU6DebpjPz+k6j1Ka6WxC2zRU2y0RSEmInWdYDpAk5C6nzAdISjRtRZAEShFCwBqLAYw2OK1IocMoRWYs1grWGEiRkCI+eAblmMlsxo3bd6ZZNvozzz3/wvemGN+6BtHZ5GHbg8yo7w3Bv7jaLInR07Yt26olxYDLHG3TohS0viMpjcSEb2tCaElNhbMWbS0hRrQCJYKkRCYRLeCUxdmMMlPs7+/RdR06CUoi1gSMSRibA5q8KDi+eIWL+4e8fPP839ib7f/lPM8/ktJb00ts164f9jMPxWT/UfAdPrbkecGmakmiKIcjnDNorWjaGtFCVa3RsWNSZIyGDjsYkLuMYjjCOUe9WaKUIs9zRGXEpPA+MhwMeezKZQ72Z7R1TdfUbLYrtPKk2BBjjcKSlEWFhktHY7yCm6+/9m8+8+zbPkKKb9GQ5VcP1T20Nt9SFMVj86pDpM8nCOR5znZboVRkUOZU65oUAjrUHI6HvPjOdzKbHjIYDhhNJgxGY1LqqyxtNM45jMqRBCnF/vfWITESfEv0LVW9Ybs5x7cbquUJne8QIihNDA0XDyasm+Y71yd3fkApTt+SBokPsRQUBKvs41XdEmNEKcV6vd6lehiNhqTkWW+XOFUSwpaD0Ziv/LIv48X3vhdXTsmLIXlRgjYIiijyedokJJBAjJ4QPX0ZFlEqYYyhKAak2CCxw7ohPuoe2WuFUgGkZZzpPW3dN2eDyd+Q9NYrg+0gLx/qA5NwvFjMqZsWgBACTRcoipwiz9huWrQoYrfl0sEB7/vyL+Pd73qB8cEFlCswuscSEZAU0CRECUr3nJYIKBRKFCkFJCWUAmUUThnyYkDnA9kwEnUkdAGlDWhBo9CxAb/6PmPGfxP91quBbdc9xLdEgQgXXO7woWdsU0psN2sUie1qge8anDGMRwXveP7tvPjiiwzHY8QYQgiIiohAQpCd9yYRYkpotfNDYWcQIcUIMaEQRASlNM7lRJfRdRaMABo0GGUgCVV19vXBld/mivKnJMl9B35rGGS5bh8qeVg39Z6xitwWKK3ZbrccHR2gJNGkjlE5QSM8cfkyB3tTogitT0hXE5OgtUEbQxRBEIL0h55SQktCYkRSQkR6dJ/6CkzRs8AA1lq06r9ESc8ap4jQe4mVQLs5+68G5RN/X1m15S2ES2xM+qE+0GVlHmODSKJrW4aDAc4YUkhMRiPauuLChQvMZlPyLKNtPZiuh/aSCKIx1vYesnum9wERoc8qbzCCgigJrRSy475SSoBgrCXPCpogSAwoNCElUgIJQmjW79xkp9+d59lfeyuhdzsoH2YOEbQxtI3hyceuYo1icX5GmZdMJhNCWzMoc/b2ZhitGRYlIpHY1WilQClSguDb3cEqENV7h9JELSh1n/cSVIpIigQJpKQg9XleUg8QkyvwJhBTJCXdhzUCASFGodmc/uvD4eN/Td5CHJeNMTxUg1hru/F4wqau2Z9NOL54mfFgQOYcgzLDtw11tabIC7bbSNfWDIcDnHVoY0gJYko7PiuilSHLM2KKBB8Bud9lhNCBElC7ziPpQejURmOMwTmLD4pEIMRIiJ4YImBpuvr9gnt3nuW/lt4iXmLH4/FDZbJSinVdN5zP55ydnTEaDCicxRrdl6zeY1RkUBQc7O1TuAy1wxVZliHGEnYFgdYabTXed8QY6KtU1VdVgEGjtUIpwYfQh6wYEZE+jInsupOglKCNwqCxytOS8LFz29XZ9xaHV/+4krcGULSb7cPr3aieb5ovFkt8iBil2KxWKCISOmbTEVZB5hTDMmO7XUJZQuoYDUcoiXgBpTUShbaNVLLFaI11vQchqq+alCYBKSZiisTY8fmYFYlElFE9DtmFQ2tBKwc5JJMQr1ivT/6wmRz/Wa31vbdCcrc8zPipFMH7RVWtiSnhjKParChLxzB3OAOaxHAw7A8tCJ3XWGsJ0aM66eO9QIxC5z3KaPIsR9me87rvJaBRCowxiIB1FpGAJIVRliiRqARjNc4a+uo2obUhcw5UABGC8jMTVt8zmcz+67dCcn+obK8SRQhxAxpjNCDkRcFkWDAaZCgR8swyGpRoFM4atIKYOhRF31sPLTEmFAZnLEopSAHfJrR19ONFbtf80ljbA0mRhKQAEnvGWSISA8SAVoKmLwi01SSBJJHSabLC0tb3fvAs8LdR+qVH7SXW2vyhhqyyVCeDtmW1XqIExrMRRe7IncOSGBSO4D2SEoacdV2zf3jAptpilEapQAx9vtDaAgalFVpr8jzH2gxtHMbovjKLCaPULp0LMUaSJHxsSaHvtyv6MEZKuLzA+4RRgrVgTeL26e3JJ197/T8x2eh7H33I0g/vjRCEosx+zW4VnW84nB1S5gajI0pZjLa0UUC3zPKM0DZ8wwe/nW/8Ax/gV3/lI3z4Z/8uKmaAJyWNsQXOCigDCoKPSPIoNMYoBI3W9AUDINoQRNM1DRI8pAqVaiQJKfldjqsIbQvi8Wiu32j53J0FwZffNhmNpyDLR2sQ9XBr8CT8snPuelkUj1ljGJYF1vQhRRvHaDjAqZpiOOT5r/pypuOCj/6DnyF0ZyzPruHcMUWeYW2OyzKctRibgTZk+QBjXU/HFxnGCs4oYvSIt6SoSaoBCUjqkNiQQoPEhE0eoSOEQFWvqFXJzTPN6zcrRALDI1uOL6gCebQTKnZ+Pn/Yz6y0Uf+oyPLvmgxH7O/t09SLHsW7/jAPDh/jfV/1fsoiY377Js3iNtevfYTPfvwub3thjyyzGGMoyxKXFQxHY/LBkCwvep4rCUIihnqXyCMxBnzbELolbbugbVYIW7yvSFERdyVxDJ5t3XJjFXn9JGBSx6X9jmw4/MzhMD/hEYNE6314qA8UBCvq/xgNy+8qixyrNSKKzGqUwOHRVV78yq+n6dbcufYK1eYl0vYen/y1T1B1li50KEZkWU7mMqbTKeVohLaOk9M55/MFTVPTti1ts2VbbXtmOayJbY3EhvHEoqXB2RZnw86Ife6oGrh2q+P2okJZxXAIyyqnq+V/PJ2/mh51pWWt9Q/9oUqpX3b5wGujXec9WT7AEtmbzHjvi1+NKGE7P2F1/hrz009zdnrK6cYyng4IPqCUhiRI9DTVhs1myWK94u7pGVVVs16vODs7o6oa1puaNggqtThRqGTIi8DeVDMeCrOJIsv7nkrnI/cWipOVIimw2rD2Fp+StKH6cFpVj77sPZpOH/pDffAvTUaTW7PJ7Il6u6KqtuztHfDiV74foyKbxT2a9Zx7Nz7O2clt/PAq2WUhq7Y4rejamlgURPGcnN2irjd0XUtq1kizRXUVk6JlOvAcTgz12rOuFG0naEloNG1jIIKSxGiSUDpRdcJ8Gag6hSkLJgcX+Oe/9dv4pV/+hbRtImUxeOQT8vbZp559mB1cUkxcuXz0B7/i3e+42NSJf/yPf4GXPvca73nPixhXsj5fErcLVucvoXQkn14iL46p6gW2qEEntO3L3O12Q9NtaJs1bb0hM0I+0EzKASE4vK/ZbBPJK7qoMCYRmkjywjYFQrDkWWJiCvLikKpb0aUNyTqqbc3jVxzHo5KRCWbv+Phfu3Dxqf8sRv9oDfL0pb2H2Z8CrffiYvEjP/s3/vt8dnHG41ffwcWr30Q5Pubs5JRucZe4PWG+uEk52aeyJT5mTEYlPkaiJKwekGKi6+YsV6cE3+Ksoq2F1aJmtenwGLpOWFY1TQyoqMiNQbQioCA2uNIzmkw4vvQ2Dg4eY3Z+yrz6DFmTKMtDRs7z0z/5Y2zqiulR8UdHb9v7b7TWtx6ll9gsrB9m7iC26elf+ZmfumTsCq+GuOnjHFx+lnu3b9JtFqzuXaOtXsfl50R1gMsOMUSs1bSNJVMJYx1VPaeu7tJuNuTFmNWy4XOvn9C0iugK1jESk2JYTnnHc88xv/UKp7dPiElRDAPT0ZijWcmVy1c5vvgce/tHzKaHVHXNp17+DM7Car6mqTqSVmSD1w83q7v/wXTvwvfLI5zbsk7CQzWIin47GxJmFwp79fkXyA8fZ7Va4Ven+O0ckS1K1SQ0jbe4bIDQoQV0YbHaU/ua9WJOW21JEa7dvsvdkzXROJJoqnrLVhKJyOVLT/KBD3wF1z5luTEouH37hHLoePrpxxnnjtlsRu4UVmuGs33e8dxzVJtTzhf3cCNLY0tsnjHZcyzPbnx3mY/+DKTVo3ISq9qHi4OMMB9O1CYr89n+9FnOtx0pwKjQtF7Qoslnxyg9ZR0m4DTRG4I2GK3JnKWtO2KwiJrRSosdZbz96tM9bRLBaosrBjRdx6gsePWTn2Z1NkfUmuE4cfXS2znYm1HYxGiUM3CCw6PMgNn+RZ558hnSKxtEG6yboIzDmIJNu7za1vfek+flzz+qppX1oX7IJa/e2oFZDUo3EzdAmQK3rhDTUmSGUCUmgxHKlmzmCo1BtMdYDSlitMVEocyE8fiAPC+wzpK5DKVBa9BaYbQldJ7NasXy/C6b1Snn5+c89vjTPPPc45iUsLZjUBY4V5JUwkqHdQUHhxdZrlcs6xofA0XmcCrHGUC5r5F87+flEQ3S2U/dfti1t9mW5d65cenxEPbReYHR/V5HHTaEcEKePQmmZ3q1Vmg0qhEylXBFQdeNsKlmYEsybVEqIn5JEs26qjg7v83p6Qm+gSAKUY6iNDz7zHM8+dTzvRF16j0pK1A663soonBZzmz/iCt1xWhdc7pYspq/yjAfgh7QbtbfPti//OdI5pEELftrrz3cAb4QRZ68OPjk0cHoy31q0ZJQKdE2NVV1QhfuENMRRmtEIIQC7wNPPXmRd73tgFdeeolPLxuCtsQkeCWI73kwrTK0VeTlIZO9nCSC0pqyLDk6GHO4f4w2I1zmcBYUhi72I0VOg3P5zlh7XDjYQrpLOb7Kemx5+bMfw+ZjQho/P62rGZLmj8QgRTF+qA8UgWVl/kLNwXcoLQPVBXzY4kOgqSuSr/F+TRcihpI6eCRG3vfiCxR2zmTcMiw3SEhY7UgqUA73ybKCslS4rCBGgRjwbUXoaqwS8sEQ4waAo+tqNssteR4ZFgOMsRhlsC7D5QO0Mrgip8wV9XLJcLiHHUxYLs9Q6qgK3nfyiFq6NuAeMm8Cqzb+0ku3tz/0+FOj/9I3HSE1hAQiiRgToQsE6aiXDWE44eqVi5ydzLn5+qepVpG98TH7o46u61is73Jy5xpPPP4ehsUhbjAjy3JMilR11aP64DFaSLHjfH6H69df58rBmP3jKbNiTD6cErMBScB3NZhEysZgh8TuNjfurtk2gdW6ppy4D9chbdOjyiG5fvjI1Dmhrtv/fdP5H0KCTd6gRKFdQbt2xBQ4vnKJ9eYGMU84q/nsZz6LU5HJKANpCT6ipWNStpzcu8Grn/Y89fyXM8syykGJiQlrDOIcKQaaZsVydcbr124yGU8Z702YHF1huv8ESeW0oaaratrNPbruhLCtWZ/e4+78Bq/dbqnWW3wqKezwJ+frNY9qh8R+7Vd8zZvyYKX0bZepe6GTyyIaMFh3SJZHtn7CWI44vjQhkEO9ZWiE3CSU6mi7c7ab62yrJZ2HFEru3L5JMSnQVqCtsMr0jG9d0dQVy82ck7MzynKCsQNu3rmNdZr1+SnetzRtoKmhbVfU1W1UWrCOmo+9HokyxW9AjI371nzctxseFetrkzMP/aEiYK0dOlsOQwXKOYydMJsccPT4Ownesz3rUNqBCSQirXSEGEnNlro9IfiKKDkpG3F0ccTefsA4zend68xPTijciJTWtKGmaSKrTaDxkXxoaWLi1ZfucuO11xiWhmWtuXXm2XZ9o2zsYFoGTjp4eekYlZ5CxmQSq3ZTLYNteXTA0Dx8gyBgnL1qlJ0WRYF2kOcFg8GMqqpZnr9K086xNsOZAcoY2qajrbagBOsukWdPMrI51nqcBWMCvqlYLOe8cv0V1pVnUNIP0AXDtra0naCMYzI94PKTb+O166/wqWtL5ltPBIxy5AJdK1zfFlRJ4bTQ+C0hagZ5/unbJ6cnj3J/2j5x9Yk35cEicpjqftG/yAcoBdV2i/e9YoMxwuHBMaO9C6TkOT+5iUQhJo0ygaQaxHiy3OGyrt9r13N0scFlivY8UVeBrvMkSrbbitFkzGC0h8sH5Hni8OJVFpVlGLZ0dMSQkM7TKBCtGFuDSEcyDmOFMsv/r5HLUnpYFZa84RfC/Y1YRH5z+tKGbfMm5A9F29RXttWC0XiK85aT03soIsNBSWYcxfSY6d4xthwQQ8NwMO6H3lBkWQ6SqOsVd+dLJNXoBKIOgRkXL7QcHQbO5ws+88prrNYNg+EeeweXSZJRN8LpesPdRU3lDcEU1AGMEkazAXtjy4WRw2jNSR2IOqfehsXh/oUfK8p+2fS30zFVD2yhUNog2qKsQ3bT/UWR90N/v5FBFic3iG/CAqSkeLGjQegozYC2XpP8BjpHMRxQlgds64p2c05uwPua8WTGYHZAVoxp25p7d26wXG5ZrzaUmWU0HDIsxyi1JcYet00mGeutZnx4xOlmS1ptkKRYb2pi1GQ24P2SC4OcZy49xtNXjvGxY7FaUIdAlgJNm1IxPPwPvS1f9l38UqIB7ECqsTkYg9iSkBRFWfbrKcYSYyJ3OaPjI/Ky+A0LB3tzvuZwb4BRcedTD2F7RYHEqGg7gteI0VgX6HxD02ywNhHyIakFnzqa0KIRXOGot0u2yy1KK0qXkTnTz1BpMERENmjd9OM83ZxpmXFLhFdv3garKWxGmecMC0eKivFsijF7HO9fYJCPqLuKzabj7GTFZrshmozJwZWXvSl/rB+4Vv+f/EEBOi8ZHRwhytH69GB9QnzYHUbarVv0KxeSYr/n8hsZ5OWbG7yaMJ0USHuO3jndb7fsM0kW4yLHuqIfUNMKnEWCxzcbapXh8hwk4JsNeW7ZbOckOSd2GqUsklIvHCCRzBZo07DanBLaisViSUfNpnKc14GzNpAbxWwwgKJh/2Cfy1eeZTCYkfBs12tu3b3D4vwWTddRJOGx8YRnn347J9H4xhZKqy+utlK7ge8ugYwPsIMhMUXqbUvn158//C+hVLNGKxCIdootRqwWtyltwFrLl7rL3S+RpVtJ9xPqVvcjQBIzQvIkJSQ81gyQGMgyi1IalSKIJqVA8B5SwmrBZSViHJgOkTWb7YLFOhFSBvmIaBdMbUnrhdN1w6hqGBQTbt+8ReevU1VrShUpgbFVXDq6wFNHVzgajugkcFoHBuMD0b+FcyitUChCjCyblo1STPIBwG7q/rdP2ds3BH1sXrL1jpPziuefusKg6BPRlxSzUrhtfIW1BqNiP1BtDFlWgopoo0EJWitEDMYYtNaEFAixoms8KXkktVijybMBmS2J2QkxzTmbJ65cnVK1Ghsis0FJcTDDZEOs1nRNS6gbHj++xJMvvsj+ZMzYWNqmoa5X2BiIwOunZyzc3kenRUb4TdC5UqCVpmpbVpuKZdWgTUZe9MUHPDzoYH89olPAfN3ymetrji5eeoPTqS/aBZPAcZl950jqXtcKj1ZgtENEoXVEa02SgDH9podzbrcVFSB1iNR07ZokHmeHSOgww4xpuc+9szMOjh2Hh1M++cl7dE2i1RsyGzBphR6OuXz5EioKme2XTQkdnTaE0LFZL1hVZ1QivHay5eK7n/pRMgNR/dMIFyFEYbnecjpf0nYt1lhKm70pu6K/oTyT0RqIaIloZR+Usuxyi1aK30xFKMbEaDb90HTg/31/5zZV1TAoNSH281bGZcTUgdKIJJKAtQ6tDUkSkgxIP0it6BtRKQbq+hyT58wmE1bzjO22Y7OJnG8iW1HERlHHjkHmifMN9+6cMBoOKAcF5tyRm4z9YohIZF3XzOsVi6bFuMOfqZeLn6sWX8i2KxF0XpBsybYKtG2L0v3ZvFkKSr+pQe6/HZt2xaW9A5Y3b3B67TXywyOyoyPqqsGHfk1Z3uA/MSWm09kzTx08+dfxZzpqRfSBxvcraAohiQJtUdqSJPazU1rtBqKl38RVBq0sRvddwq7tQLVsFqec3T0hpoLZ3hXO1ivuLD1ogyeSosI3CqtAdw3bbUOWacpBPzW/yktCG1huVmyDkKziwsXiH6xO7kh6A/ZQCLqc4uyI0PabWfqLzfhvmkF2IMc5DaGlXZ4zmQ3ZG57wTz71GX71s2dorYhviLshBP6Vf/U7/9PheDTazuckFNblJGkJ3u9W0Po6LknqRWUkYazty8RdiLj/BrrMEpNH236rKkVo2oqD4z1Gewf84kdust1qjDNYm7B9Q7gvRZVDmz7ZrtYNmBZkTYxCivSLO4VhPJteH40muxcG0JYuKSSb7IY2Iup3cI/9t1SU60vzHnH2aqGRtz9+xKbJGYz3uXLpmBD6nQxnsu97x7MvfG/rFeh+MUZpg0KRRHplH6XQxuzQcL/P4b1/oAInqacVtNY9+SiO1ldk1qGoyTKNj4GPf+wan315C0b1Sg9J7/KUxqJIKuyeodEpEQMEgZhAjGKQW2xepmJ48FGTFSgRbDHGJ0WoK7TI76ghvmiD/GZFlLEZjQ88//y7iCnRtt17i6L8c1lZkCQgtiDphIotxhqsUr1oJRpDn4Pu9xxiCEjqQ4OSfuVZlAYc1hhcFgjSYrQiczmnZw0f/eycVhSYgBJIaEQrRPXLz0pDpA+TKHovMoYoIP26CdZNXh4U4493STDlmKwoaTeLvnJSmkfx+ZL/VWsM12/d4Bd+5SOEoIq2Sz+OcYNAQsQjuiAqRwwtIUSQRIyetCMD7sdsBaR4fzu3pyFijGhjsa5EYTBGI0kIIaCxNJ1nkyLiEkprlNK7DXQhISTVI26twCiNcxqX9RtTxgoWTUgZLeXnbpwvx+tOHuSOR/357YlgKuEjH/0IFy9c/ZHZdPZCDIl62+CyXjrJ5IfEzRKlE1b36BulSDEhknBGQerX0bQxsFtljjFiTb+c6ZXCJkfQFu8VsfUP9kxi6vONoGAnoRFiQgCre+zQ75IIoiBKQAARSy2OgXHftNpuPh2jfCLP3M9kzv0drfQn1D+jinzLGiTGSFkM3vfCO5/6L8az6bcgiqbpSKJo2oa8HDKYXGA9v0GKDcpoTM+yIXEnxUdPyFnlgESMofcOrUnSv/PaBLTxZFkkdJDod86NAd+BKMFpvcM/PWUhQMTgQ3+oCQEDqd82JGLIxnsoXVi69kKLunDzxvYbz4riT5eD8n9D8Y+cyz5rrfmYUuru76RxvgSD9P/po6PDf+fqU+/84cuXLw+0aGLqS9hC5UQ0oa3ococaHxAX10jK7Wp4TRBFjOy2cHehbCelkVKvq2gzDYRe6Sd1WNWRWc9WgRD7HZLdqqePAbTpVbOlD11IRIn6fPUWNUEpuhjYO5hi3ZDOC6ISxI5yMKBqtlnrm+821n63Voosy+YK90+MMT8tIj+L4v95yxlEJOHK8Z+8MHriT5msZDKaMJ8vECXELtK6lnInAlBVNdoN8aJxKWGNJfrUy4Y700tcGHmw1tzr9AacMxij+piud7vrIey2azVVFfkClmMntXFf4UEpIaIh9URgShASBElEDF0XGQ4tdRv6RN51GGuZTqe9rLn3WGvx3u8plT4YovpgSpIg/aLW/M9K6b+llLr1ZniO/uINISDxwOaX/m7rnvxT1+/OuXnjej+K0/Uq003T7BR5wPsIGCTfI2UFHT3oU/Scle88Pni6tn1g6BACqESMLSF0JInE1PSUNVA3DU0HVaUI8QsR8xccjurlNpxWFFqTK90ztCiUMlRVtQN7+oFCdtd1rNdrptMpeZ7jQ182Z7nbvSBoSO8Pwf+lpqk/vlqvfq5t2w/d5+B+Rw0iKWGdLcq9i3/z4PCFbz3cu0TyNa9du8bZ+RlVXdE0LW3X0rYtXdf2eENrRDnc8OA+/n2g952k9wa0AWUwxvWhyjiMtkiSXsrPt4QY8L4jJCE0kfXG7354QX3B1wMVDTKk/1JQWIXVveyGkUgKHW1TY62h6zp88PdrFNarFePRiDLPUUBmM6zpVVCNNrsrNtjzvvuG8/PTn7h588Y/rKrtv/SwDGO/GM8oBoMXHnv3V/zo0XMvfLXNMqJaoXVPQ9dNg+8iPnR47ymLksFggGiL1garQbJ9UKdEDERPF3sxGaPAh51eYpZhVD8BH6OQUkv0DSl0iMQ+GSdFChCTxUhAKfk8Hct97qs3lNuBRBGFNZoiahr0/ZqbttkyHE9pQyJE6WU7VCArCuptxaAoAYVVhqQ1xEBAo5RBa0Hr/mzm8/MPrFaLDwyHo58risGPK6X/+pvnIQIaDmIx+cn88jNf3XWe27fvsNlUHBwcMR7v+uAxUNd1r8/edbRtS9M0dF23U+QxoB2i70v3CUbrXkLJ9kzvfaomyzJc5kgPeguyY4T7rluMhhD7/njPefVfTmlyrciAXCucFaxNGB2IvmOoLaWKu/CX6HxDiB3G9ABVG02IkW1VURTFA0pIG9W3EGxfChvTXw5w/zKanvaB5XL1++/evfujq/XqJ0Tk7V9qfvmnPOTzqmxkKH5fFfmzxezgmdwazk7PCTFgrePw8BDrLMEn5vMlRZEjInjvWa/XFEXfMw4h4oDc5qTUopXCWouk2L/Nqte1Mqq3PqpXiNNK41NCiHRdQ11v8U1H3SUSGmfuK8z13TujBWMEo8BqhbgdAhWNiOnVHgzMq0CtNDF4QvC4vFe1CyFQZgVd17FarZjNZrtbfjrKsqSqOozRGGfxvleFuN9L75WGDEqB982Hgvf/gnXZn0epP6+UOpUvxSC9jmFiOBq+fzbzfzAk9c1dzfNharh84YAUA5979ZzVas2FCxcQMo4OL9C2La9fv44rdH8biNYobXq9Euf6n9doBiZDku9/eBxJaazRaGNQ2oISJPaBR1KLigEToAuRFECSIogQdUCjGZJhbIsxoE2PwlH0xtSGpBVKPEoG2GFAYmA8KDCnHXergE8CSVOYnNZ0dN6jjSGkSF3XFHnO3myPumlpmo7BYERVVWQ2Q9PfAGRQtG2LaEWS/ve9OlEa+675ARH93bmzf9Q687Nf/ORijIBko8nk28rx+E9Mpodf98STsFwvuXHjFjdvXCMGz2g0Zv/wgPV2w92Tu8ymM6x1/SVfviNJv1ijtUJp/eDSFWsdMQa0Nog2qKRRkrDW7TqGuv+zFHo9d5fjJdEkwQdAckQ6lE6E1JMjisQwt9jCUJQ5EHmjIlxKYERjrMIMhGw4xK8TZZaD6pjfWnFfjNXu7hyJqa/ytNY7/a1IXVUUwyFN0+sQj0aj/moMYzGZQVLWX5uR+pAnSXgwNa8UKYWnl6vl3xkOh39sOBz+2Bczz2IPL1z8I0++/R1/PBjzzvNNBT4ynJTMDvY5ODzi7PSMV155jap6jXJYUg6HLFdLrr3+Ol3r+3ifEl3bkWXFruTseaQQehUFpdWuR68xyu3athGl6VXkkqCNI7eGpBSEDpPluBRoGk/rPXXrqdpE3fT12mAQKYYleZYjskPgu/K1F1Z2GFVSljNsdkDtbpE5y3Bgca6GVmjbFmt3BtmV30qpB7xZfPD/yh6EqDzPew8qCpwtWK1X+LahcGXfcEtp970JpYQQQrlaLf6HmMK3Dgbj7/yt2ozWjEd/8dde/kxe11WvL5KPmPoZ4zBiMpwyGe9zdLTm+vXXOT077dXeEFabNV3neeLxx9FK9zcXuPSgrPUh4H0gLwry3Ozk+nKcNjtaO+1UfBIoyDKHM5ouBkT13JZoQXQiJvBRUzeKtjXkWUbhEkVekLkChSMkoQsBXIbWiqRzlFRk+aIXb9a96JkxfTvAWveg+2d2msHOuR6bhI626yiLiFNQ1zWj0YiUEt73XFrbthT5uJ8V8B5nxoTU3waRdt3uBzpeIqzXqw+B/iv5bO/f/mcbRA22+9NZHsct88UZi/U5q82GwemYS5c6JuMRzuVYl6N107uk9AlYNGyrDcF3aKd2Lts/2Hdd3551OTp1KNUyO5oSpWI6GdBWNev5nDIv0CpHa0cMNXlhMKpgE9esVg2L7Zr5es5mW7NYR4psvwecpkMZS6YVYgwSFE4Uxrq+YgqWfDwBvUTFBrQliqAIOALKlezvTWBX2WVZ9obKyuBTZLO7SGY4HBJC14dZTE9sxsh8scIYh0QhNxYVE0kbfApfCKh3jaXl4vzfMkpfPDw8+BDwG+6BmGu3T7//2uuvlz4qjo8vc3BwSF01bLYLRPo9va7rWC1XxBR36tE7QbEsJ/pAtd1iM4cxlsFgwHAw2oWtXme3sI53vX2Pd7/3SY4P9zm6fJFnn3sbgqZtQg8NxBMl9OWwErq2Yrk6Z7E5Z1vXbDYB9ITR6ID782xW6V4sQLE7bIW2plexdobZwRWWiw1KLGonQyUpcb6o8HbK4f4+4/GEuBNl7roOa/s6x5j+4BE+L6i5a5zd58eMcSwWc9q2ZbY3A+kZ50Tfjv48CE5oDU3ToBTPZ1ku0+ns59KOrVZK8R3f/k29h7zj+cdYLta89rlP8NlP/yoXLz3O2559J5evDLl35w6b1QaXZT2q3hnDGI02vbRrs63x3pPFPhG2bUfV1P330dPuzz6jObo85rzNyfMRnXYMiilf+c99E7euv8xmfU4ICt9qTm+9xmZxj7Vv2XZdj+Jdr40lKSepiHYJhUPdv31hVxwos1OW04miXLNZXCdTEe0sXQwPpGS17g+7bRsK78nznMVygdL9pTHmDXO3KUaauiYvCrQ2xOgpipwQ+ksA9vf3HyhqP8AmxiLiH/Bt/XWMqZcvDJ4bN6//YF4Uvzgajf5e+nVzxPadz30tMbVsqzmr9Tm3797hlz/yYZ5727t417vfza3XX+H2zWv4JGhX9ALFKfVu7nJiFkg60XUbJHWo/T1CCH2czjI2y1Pe9vgee5eOGV96H1lmkK7tL3CRjsPjMY89dYnz8xvsHzxNtbjEy5/6OMFULNs129CRaY1tIXWKGBJ6V/oKiqASThuM9qhU9NcgFQOcDbRVg9NZT/0Y/WAio1ehM1RVy3CUsCiOZ/ugFOfzs52KtsKgHoDaJJooiURg2/ae1HXCeDji6aef4c6dW2RZhrH930wx4JMHFEYJRnrU1LYtxlpe+dxL//HVK4/9vV8/XGe7WPcWVg5tSg72LpBnK67feIWmrfnK934Zk+GI12/eYrFZ4n0vAt51OZKEy1cvc+feTZaLioP9IdtVh3OBGNd8+hPXuHPtk3zPv/x9nJzN2b/cobpAbDXDskRihTOKxekpxlRcv/5RLCUxBkaTHJUpotYMxlOG40Nu316zWQQG1mJQ/YysCCoqrBkiRoP1xJSx2Sacy/rvUYIj6/Xid55ujGZvf5+6aSnyPkw557h16zopRYbDIYPBgDwfMhwOsbokBddvFei+TZxSw+n5iqbpMDu1077Utz0H5z3WGiQJSju0sTRty2g4pK6rb7h58+aXaa0/9oULO0pTFK5XcbN9CKiqFudqPvfqZzk5OeEbf/8Hec97LnPr7mvcvXeHzWZDDJ7lcs7J2R1OT+5yfnqXk5PrlOUA6xyb9Rn1es7jlw/JcoMoi8RIXc0JsaQYDIipocgyUjplXE44OX0NWxaMxyPunUJTtYxGA87O5kwmM5oUmVdbfIjsjyY4a1AErM1Q1tLpisA5NhkyN96N9vUss0+y02rMerXsLCP4QN20aNOvINw7OWX/6ICz81PWdV9MGGUoiwFN0xCT79VOdzlnMBqxv39IXbU8/9w7iT6QZY6iHNDVVe8NZrDLOX37Yb2t6JqayXhkuhC/o6qbj72RZbHee/Lc4VxBlluKvGRQjrl3qqibDbfu3eLD//fP88Gvez8XLlyhKIacn893tHtDVcHlK5eZjAuqestms6JqIkbAZUMuHh9hTSIYi8om5JkmzddY66g3imiFGGrO70YyM6DrNvhQsV5vAUOMHULAOYt2jnXTcLy3x3pVcemxp4hxickURmtyd4l1NWBgRz02SYKI2d05Ig/ou/u7GcZaQqzYVNsei5CYTvbQNn+Q4PMix1nLzVs3kSSMhn3527YtVy9dYX9vj2vXX+3L99QP+N0P6/e7n73Kquwoo55eQiLOuj+03VY/orV6IKdhT05u0zT7jIYj8sKQZQWzPctkOmA2nmJf+wyvvP4J0s9Fvu7rvpbxeIzTjqbuCLGj9TXb7YZ6ur/DHru7a9uG7bbiyScuYTKLHUzRVrBpQJsFXDmmu5vTyJy9vcc4PbvF8fRJ1qtTbixuYN2IxJYYYDa8QNNGqnrD+TZj0uQ8dTxiXddAw3ivpNkonFYMzay/lFIJKWrEZKgYkOCJodvdsavwSuOsYzQa0XZb6u2avdmMzXrL/myPuMMchwcHrDdrBtmAzGVcvHiJGCNVVTGd7OFcjlYWH/tJz4xeuPP+lRqyu/vESCCzlkSg6lr0as10On1mWBT/XteGH35gkMlkNJ3PT6nrehc3c5yzWJtxfHQBTD+48OprLzOZDHjxve/p0bVAqXPCouP87JzGd+R5RlkOKcohzWpNCJELxxd5z3t/H8E+QRMMg8GAxekpn/vkp5A28Q9/5e8zHc+4cetl2hrq5Zq7d2+wWCy5d34X4xy5HZCMYlUpYj7h+umWvcGEK1dKLhxehVRzr+rX5/I8R0kfrJRx/dVLxqKdwXtFSposc2w/zzv1bK/WGN0Dx6qqOD4+ZrvZsN3214sYpcmzfl/FlgVI2p2T2731HVabXpFuN6jxBWStgLO2B5fBs60Sg+GAwWDyQ0L7E8BrAPbo+OCvdL4eLhcr1quK6WzIZDLqSzgC43LCE1eeoKpe4uVXXmJvusdjVy6DJJLWLJcr7t69S5BIUZaMvWdv75DhaEoXGs7OzvnMK7ewhWOxXLHZbPn0L/2f3HrlJa5/7oRXX/oUB5N9Di9OmI0vkDJP48+JfsuosEStScGzXHjunXdgRzRtTd0pnnz63RzOjpmNC35x+QvU2xVd8DhreXCvuuxYX3V/ncDs0DoY0zO3TdvirCXEgNuxlPP5nP39fTabDZvN5sEVGSHEHUDsbxR1LpEk0XUebE+5dLu7eu8bI+yI1vu4RpIgWug6z3BgbDkaPnvfIEp+N98G///Dj/69I3hrff7fAQDXYWdW1sidKAAAAABJRU5ErkJggg=="
      />
      <img
        className="Carousel__Thumbnail-sc-1g5uv4n-0 kjTMef"
        onClick={[Function]}
        src="data:image/jpeg;base64,/9j/4AAQSkZJRgABAQAAAQABAAD/2wBDAAgGBgcGBQgHBwcJCQgKDBQNDAsLDBkSEw8UHRofHh0aHBwgJC4nICIsIxwcKDcpLDAxNDQ0Hyc5PTgyPC4zNDL/2wBDAQkJCQwLDBgNDRgyIRwhMjIyMjIyMjIyMjIyMjIyMjIyMjIyMjIyMjIyMjIyMjIyMjIyMjIyMjIyMjIyMjIyMjL/wAARCAElAOgDASIAAhEBAxEB/8QAHAAAAgMBAQEBAAAAAAAAAAAABAUAAgMGAQcI/8QASBAAAQMDAgMFBQMJBgILAAAAAgABAwQREgUhEyIxBhQyQlJBUWFicSNykQcVM1NjgYKSoRYkQ7HB4aLRFzRERXODssLS4vH/xAAaAQADAQEBAQAAAAAAAAAAAAAAAQIDBAUG/8QAIxEAAwACAgICAwEBAAAAAAAAAAECERIDISIxEzIEQVEUYf/aAAwDAQACEQMRAD8A+Btl6lbEvUqjktBHlyJAHg5K4wkXmEVXH0ktOHJ4lIFipSH/ABB/FVGMiL9IKnDkLHmWgUcpEgotDDMJZDIP8Sg0c36wUVHCQjzEio+XxCJIAX9zqMf0zKfm+oyxGQUy4mXlFUeqKnkEuGJWQALHDJT5FNJy4oCUhkIiEcR9KaVEkldLlJjGP6sUrmHEiFAAqsPRVVh6KiS+Pv2XoimOi6NV69qMVDRBlLIXitsI+8l997Lfk70XQ4RLu41dV5ppxF8S+X0oKmT4dQdke0Gqv/c9JqpPmKOzf8SeRfkp7WSQlJ+b4xt/hlMOS/R0NHzZeZHhS5eVaTKJo/H+qaHqWjyFDqNDUU0jfrI0rX7MrdDp66nkp6unCaGQcSjka4kvgH5R/wAm8nZqQtS00CLS3LmEtypy/wDiil/Cdj5korEqrMoi0Hw5KwR5CpjiI/FAFS8CzLlViVSQBVRWXo9UAUUW0dPNN4IZJPusogDAR5lfmIccVhkTdCXvENuhIAKGMRIS/mRoyQiPiSjin6lOIXqdLBWRvxKf1LWOojH/ABEhzJX4x+pLUNjoCmjx8QqneIf1gpDx5PUpxiRqGw+4kfLjIKqU0eQ8wpHxiU4hJ6i2HHDLjZDJyoGq5TJUiq5Iy9Qq5D3j7TwigQKtooZJpBjASInLERW4xx+Vd1+S7RR1DtEVZMLFDSBkOX6wvD/7kypWT6N2A7JD2d0ceNH/AH6o3mL0/Ku7pxxQ9MOIrHVppqXR6yoph4k0cZEIj5ixS8jXxHkEgkWKbQRr80/k617XC7dQw8aoqe9FjVRyPyiPq+XFfpCjkLwkn2iPYbwRSzVtLp6+ilpamEZoZBxkjLzCmwksqjomqMqk/HPa7s3J2d7UVultzRxSfZl6oy5h/wCFJoqGSbljEpC9Ir9CdttB03UO03eJ4Y5JeCI838SXU+h09OOMEcYj8rJjk+RUfZPUqgf0PD+aRN4uwMxD9tVYl8or6NKQ0vLykXpFDf3io9MY/KyNSjh/+j2MeZ6yX+QRWkfY3T48hIikL5nXbDQj4pCIkQFGJeEVWobHBF2Jo5JBIRl+6LprRdlaOnxxow5fMXVdpHRiPiW40uX6MU9STmo9PKPwwxqLqB08vMogk/NPDWUge0ei3HqqkSyKBVFYvEqoAiiiiAIooogCKzDdRWQBMUcJfZjH4UHF+mHJGEPDkIS8KACKGhqNQroaOmHiSSFiIr9Cdk+y9P2d04KWHmkLeaT9YS4L8lOgiVRNrR5Yx/Zw5erzL7LRxoo2mQmnpRJHw0Yl5VWDlR0cgo2CpJT6bSwGcgRRjJJ4iFtyWwsISWVe8CKzlqB8WSmqJlGlXWR0vDyLHNeVFVGMJFkK4XtFrw1VSNLCRcOMsiL5kumrqrGGEaiTFzEcb+Vcv+hKsHT/AJW4yJu3U1V/a4YwEivTxFy/xIanjrBh55C5k+7SQlNrHGx8UYgg46UYxyJd0rJyZwCxUePMWK2GPIsQRAw8QuZGRQjGKoAeGnHxEPMiBjx8IrUR5lrHGmSZxUuXMSMjhEVYeqsRelIo8LEVFoMaiAPyYpj/ADIqSjGER40g5ekXutKeHHEsf5lmSBSxOAjZYYl7k6KES8qr3cVWpOwnxdeJz3UfSp3UfSjUewlVk17mPpXhUYo1GK1Zdx2e/J/Wa1jNN/dqMv8AEIeYvuivqOk9jNE0kR7tp0ckg+Kao3ckaj1Pz1HDJJ4IyL7op3SabqExQwz0c4jJyjIUZL9D4ljiMeI+lDlSj+rFVqJF+yek/mns7SUZY5DHzY+pdVEOIoKjh+wER8qZRjyrno6UWAleSQhHIfEsCyEkRFNH5khgNXqXd6UppshGMclxp9oq7UoMZsqeEvCMb74/MS+hVJU8kBR4juOK+a6jRlQzlGPNDl9mXpXP+Qq06N/xtNuzMhGSGSPicMnHlLriSI00ip46fvMwTyxFzSC2LEg44Sm/hRkdKQivL47ecHoXK16DqmYaqsKT+VZ8NZwxlDLw5PCXhJGCK+h4azJ4XJOKPI416Q82KsUgiq8RaElgjJECOPmQ/EVhk8yBZDG5VBEeIsRLlWgEgYVly4+VRYhIKiAPydDzTDfm5k3HHFK6cefJGDIRKZ9EhRKZCsBIiXo5ZKtidQgeishxIlbLyp7E6hVDR1GoVUVLTRlJJJ4RX0zQOwtHp4jUV+NTUf0FY9gNFGl00a4xyqKrm+6K76lp+IXN4RUbHRPGVp6fIRERxFHx0oxjki4YRHwiieHkgBdweVVhpRmmRVRy4xijKSEYxHlRsGprFS4iIiieDiioIeXJEcNS+MfyCkoUFNGXNiuhKFCzUfLyrPUrY5eaaaPlxySmoyqOUo11VTQyF5UD+bZMvCsqlj2ObHT5hLKHH7pIwZBpxHvcJR383UV0VPpo+IltLRjJHiQion8aX2X/AK6XRz9YVLNS5ZeHwpfHUDIPKSYV2m93IuXlSOWGSnLIV3cfHg565tg/If4ll5t1nHJkHKtOVWQa5cqkZfMsBLmVZZBHw+JIoOKQRVRIpC5kLDzEjoxQBtGKi0jFRBJ+UYyxW4ycypHGrDHiswNgJWGbmWY5KDHkqA34g5I/RaGTWNWho4faXMXpFKeGS+pfk00fg05V0w/aS+H7qkqVk+iUFDHS0YxxjyiGIplRR+rwocOaPHyo6AeVSbBwliOICvD5RyIlePERVCykmH0qiDKOHiSCRJtFH4VhHHzCmMA4igDaIcRRArMBRAqiKMyFYyCjFiQoTJBCFZFHkSMIVmQqQBwhUKPFGAKkgomQoT1dKMkZCS5SupShkIcV3MkaS6jSjIK2kxZw/wChLFWKbEURX0pCRJHLNlyiSKNJDu9c3KK0jEpCyJARFzI2ElBoMYREVug45ERlypgFRkosYy5VFIH5p5VYRyWnKrCIrMCox8qsMY+VaiIq8cZEQiI5ERYoA207TajUqyOlgjKTIubHyivt+i6b3eljjAcRjERFLuzmgw6XRjGEY8R/0heol1gfZx4ig0mdTSljy5UYMeOKpTDwx9RLeIea5IKNhj5eZbxw82SoPMWKOjHlVEECPwoqMeZZiXlRAIA2EVoz3VR6qxdEyCKeIVFEiTEvFiq+ElpiOSmPMgCCKhCrY4qEgAeQUvqY/KSakgqgVpJnRzeo0IyDkuH1nTyhIpgHw+IRX0yePLJc7qFDxBJMU1g4OOZHRTJPqMMmn1hQl4S8KtDWcqwOldnRRVCMjmXPw1SOiqFWwajgZFELHJkojYD8+8Mh8XKtBEhl5scV2UmpafJ+k0eL8f8A6rPvWj482kiP3XFZ7Bqczypx2Zoe+a9SRuPKJcQv4UUU2hkPLpsg/dxXWdlaOh43eIBEZMccc9xRsVMnd0UYjHkSNjEfEgo+WPFGh+jRsa6hlOX8yKxxFA06MhLJAjenHmROWJLEPUtBLJUSEDzEiI0HGXMiQk5UE0FAS0HqhOMOPqWgyKjM2LwKmSgyL0SyQSTHzKxcqrxBEcVmRZIA24iqRLNRAEkJCycxLYsslmXKScmdAcqV1MeWRJvLjkl1RyiSsRwvaPT+9UsmI/aR7iuDjqPmX1SvHlyXxOsmKl1KojLyyEyy5To4zpIqr5kwirhFcbHqHLjkiB1Ah8y5/kNdTvIKwcVFy9LqQ4+JRV8oaiUo/lUKjKQchx5UQSmWPhT1IFso8PyLpuwshDUVH8K5+bIsuVOOydRwa6WP1CmXJ9QhLIRTCHmFJ6eTKIU0ik5VOxoGCWIraKTlQfEWkRKgGkcmyvkg45MVfiJmYVxFsM2QoHJaRSIJoNGQhJExkRIYCRUcgqiTUeqtl6VgUwqvGQZm5ZZKuWKrxOVZlMKANuJ6lOIhykyWBzYligA0pBWMkiDKZVKZVsSWkLIkHVl4lYiWNRIOCrYnUQ6kXKQr5bqGn6bNqFRJJMQyFIREvpGrScpL5TUFxKqYvURLG6NuOSxaTpvlrC/FQtHoy/7wL+cUOQqwCstjY2j7Ox+XWMR/hUWOKie3/CjYS5eZTJEEIrwo41oZA0g8vMsafiUs4zB5UfiJKhRiQpFo+gUNUM1PGQl4hTiKblXC9n9QxHu5F4fCusimEhWJqNhmyW8cyVxzeVXGb50xDsZhUKRK46jyrWObJXkkYRzcvMtgmIUvjm5uZEjIJKiRjHVLaOT5kp4m/VWCbm8SZnQ8EhIVbIfUlA1WI+Je96RsTqNCk+ZCyzYl4kL3giWM0hEp2DUMKo9KqUmQpfxCFWGZGxWoSUyyKoWRlkhZJPFzI2JCpKhDS1GQoQpkFUVnDHHJGwaivtBXcGjmLzMK+bj1XR9ptQGTGn+fIlzGXpSqipCBLJXGQo8sfMOKwEix+6rCRZIGbeJRej1UVAc8OvTeaNT8/Fl+jW0umwj+h4kny54rEqGOPlGOQv8AzY2S1FsaD2g+VHx6gUw8opV+beIWQxnj/wCKL/8ApXSU0NPDEMfEjEhHxElqVsAhqU1LMMmPhXc6Zq0dVAJCWJeYS8q4qukjGP7P7Qx8OLJNRahWUdYVQJEJEXNk3iU1OSprB9hGqEfMrd69JLldO1qOuaw+LzCmg1XD8qxNfY+CoyHxIgJvmXOjUEXhRgVBeFVsTqPO8K0dV8yRlVcqr37FHyE6nSjWY+dX74K52OsyRAzY+ZV8gtR93rlUGsScaoVYZvKjYNRwNZkPKr94+dJCqPmWRVhD5lOwajuSqEfEsZKwfKlXfBLzLx6qMWVbE6jAq5DyVBFlkl8lYOSElrhHzKdg1D5qzHJc7qmsDDlzcyT6/wBqo6MShgIZKj0+lcaWsVVRNlIIkRfMq8g8ToKiYqiUpC5iJZD1SQtWkHYo/wCqqOsEL/oyVeRXidArD0SIdaH9WS9HWhHykjyDxHyiSjrUfmyUSAeytTvI7Qs4Rt5JCEn/AJtllUado0rSEEFQM3QC4oOD/ea13/FOHDTHF7adG7/fdlQYqFnZmoI7/V1pk5+xRHSxRYRxOIxNv7G39/RFRvC5WOY2H+B3RvDpHszUMH4O6u3dhszUdO1vkTyVs/4KCodNljYpZpGm+U2tb3M/s/BUqKHTWON6Q3cGHm4rsxZe/lTwjifl7rBi2/g3UGSJiZ2padnb5GSyGWc6GnU0UvFj1KQT+jJsOotHiL1IyX26Wd0cVVcGBoKdmbfaNmXveX2fhRM7fI1lGFkS5LXpAwarEPSXb07rdtch6O7u/wBHurNVF1wju/7Nlbv0ouzjw2dvka/+SWqK+W8FX1uDHbJm+juvB1qFt3E3b7jrX851N8s2Z/lBmXj6jU9Xkvf4MnpAvks9DtBCJWaKV3+6/wDyV/7Sx+2Cb8HWDVszFcSZn+jKPWVJtYpXt+5PSRb2Et2niHdoJn/hf/kvH7Ui73amlf8AgdDFUzv4pXJV4p+tLVFbWEP2oYP+yy3f5XVS7SvJcXpZr/R0PxSbfJ7r1pJHd3zff8UlMj2s0fXZQ3ejmZvuPutR1upLfuE5X+Dsh8yd7O7u31VczfZydmTxItrNZdRqnuR0E7C30b+iW1Y6jWA7hFURx9co2Zn/AHo7MndnyJ2b4uo5k73cnd/q6EpQs2cyOikd2IKkrfI1lePstUHchiqMX+LM3+a6S7vd2uoxE12Z9lWyJ8sCFuy07CTcCTf9oP8Aush7MzSE4NHUbftGb+tl0d323dmUu/TclWyHixFJ2SnyZ3pSa+36dmf/AEZex9kZWFnKLp6pxZ/808F7bMoxWLZuqWyDWjng7LFLfGJxdvFlOzMouhdn9qieUGKBxvt7VGe23R14+zO6S12oSyT8CB393xuomW/RV1r7HjPf3KXvv0S+LQdRlp3kesjGTrw87l/shKWrnpqnu9Rs7cvvV/H10ZTzJj27Pt1UZ2y3SjVagwGNgPF3dG6cRFSgRk5E/mUOXjJqrTeAroW9rL27dG2WcjuIE/uSOjqppK/Fzd2YnQp/YqvA/u/tfdlHdveue1KpnascQkcW6Y+y6Nh0PWJohk7zDZ9+aTdVp0Q+ZDMXZ/YvbPu10iqodS0qYXnJrP6XuzozvjzaecrO4n/qp0Y1ypjF7ZWuvfg/T6rmKNq+tlcIpd235isyYPo2rYs/eI7v+0uzK9H+xfMhsNmZ7Xe+/VRtm33dc7NJX6ZUsExu5Nv1uzt9U27y8tAUo7XBS4ZU8iaDG32Vmdm2dcrTd8q52hjlLJ9+Z7MmDaNqfRqmP+fZX8XfZPzIdZe1e3vv/qkv5k1LJmepj2/aIit4lNpuOfO22QvdS47wNcuVkY3b3r0bPd+llyVNVyjUg5SETZe93XVxuxjk13Z1NS0OL27LOzvuy8crWZ7XWc0rQxGZPdmXKS1c0kpPmTM5P7XsqmG+wvkUs7EXZ977sq5M17u34pXTk46Q5O77/ik9ONRUzNHGb5P8bIUMl8yR1uTeplMma7ZbJM+gVoizvWxZekTe68HQK0ydyq4h/jdV8fQvm/g6F7/H49WUQ9HQnQC4HOErv6b2UUal7liZyF2Hq+y56O9JqDvMLs7b/FdDdm3fa34LRg02vJmq4nJ+jHE7M6qGkRzJv0CxVsUtnGTd/wB11pLptDUE051ErSv5RFnZ1Jey1HKBnRalu24xyM7O/wAGdJYZqmhrHgmyuxWt1ZkJddGStN9l9YZmkiFvZsmdAzNRglWrPeaP2t1TajZ2o439iq34l8f2ZeZ24JskOmg/frt7E+qHdqc+iUaaDtUu77s13Sj0LleKSBq6z6izsuhje0Ysz36e1IKyMpa4mCzO72926aR6DWuAu+oU4u/zv/mrucoiLSfYPrUw8EI3e5dVhTs7aTK73s6Ok7NmJZVNdATP6Hd3XuoxjBpzgGwtt0sj9YHOW20AaHtUHf2J87v+51zFBSVNSbtAbBbxERWZMfzLqT2ZqmEnf9o1vxSpZHF4QNrUoHOAM7XHr7kXGLx6M7Pt7UoKJ6WsxqGu4l9WT6qdi0xyHo4psUd5Yp0h2aq3szf0XRZj0yb8dlzFBRlWT4NLw2bzf7Jq2gvvauZ3b4Oil2EXhYwM8xfZiZ0u1h70bt7FaPQLOJPqIu/Xo7qmsDajYfdZlmvsW62lnPszsTOz7suo02dpaMWct22SKnp2kpJS9rbozRpmAjie1n3WtLKM+FtMJ1mocKdom6l/kue32b2JhXyvU12AvlbZZVkTQGAe1kR0sEcrbY0GzaO9/agtJZmrGdHFcdHu/tS3TqMq2qaIZQhvvkb2ZE+iqeMM6bMd92ZnUyFupMgf7NSNs2pwO/wd1aLs1OZMz6nTs7/M92WepouX/gcOLtdrOyipFRvRC8TzhNbzjeyilo39mM4PLCYte7pJQTPSTuEvKz7J+zWs/vXslBp9YTvO0kcj/wCJHu372RNLGGZ8ufaMXq4gBi4rMySSn32vZwuTv8fYmZdn6RifGtNwb9k7/wCqJp6KmprtAJXfbM93/d7lWVJlh2/Qt1GlPEDdriLW+F0ZR1APEIOTM7bJjC4NcZwzifYh9n1VD7PabNG8sGp8GRyvw5AezN9UZVdMXlx30Lq6sCOBxYmcn296G0sHciN9mZHt2epoicpdQaRvTHG73/5IkYoo2aKIWCNtve/1dPKnoMVdZYiIL1zkzeZPY3drOrfmjTmvK1ebn1x4Vt/cq2s/vboo5K/hXDHeWQbv0fdAat/1R2fdkft7H6LOajjrRwkmaMevS7qYffZvyLx6FWis+Rk26cPv8XdZwadDQNaKdpXLcuV2ZbO7vt7k7rvoXHPXZzmqWesezXTCZ2bSWt0xV6nSWqpOLxxF+li6rYtOIqNqZp43d/NZ7WWmfRgsrIs0N7TG7dU9EmdLB7Pztdgq4hb6uyvJoFUIs7V8BX+dFJNhFqV2hgxXvb2fFKtbdyp2t6lYdDrXJmarjZ3+d7WRFRpU9XAMIyRu8fizO1/oklh5Kq9k0gDSY2OllZ+jpcJFSVR49W2/cuio6A9PjcJTjJ335N7LGTs/PWylLCcIi/rNmdXNLOCLXjkV6XC9RWZl0bdTVGfvjszbJ3S6eWnXCQgI39D3b8VjPoVbWzscTAwu/nNmSVdg5anJSRmbRm97ILRmd6q/WyeFpVTNF3GIYylbbxta/wBVhH2Q12ArxRRvfblNkk0FdPLC22v0dW9z+9BSdn+0UROzgzs3pNn/ANV4Oh9oXszRO9/nZ1KRouWQ12d7s2zKKkVBqGn8mox4m+/VnUSaNVyIrZ+r7Kkk8UTsxyiLrPUKtqSB3Fm4j7JPR0MmpSlLLI4h5i6u7+5kTGVlivkx0h3HUwyliMov7Oq2s29tkirtKGkHi05SFG3q6396O0qsecHA3uY/jZN8f7Qo5P0wxzAdnJmdWs7jdkhq3ZtTdnu9yZdELs1kqjHZUWq6KWdru5NZlPF4bILVndqPbbm+i80Z37ubv1ckOOsjVLbAfZ2az3XlndrdFpdmF3e9m3XO1VSZ1JEMj2YrdUpjPoOTkmPY9EL7e1lbhu27KtPLxacCbq9t1WuMhozdnxdvjukp7wU6WMmmD326Opg7bN1SGlq5mqAYpSIXsy6He126KqjHsnj5FSK2d+nReOLt8LLGunKKB3DYn2QFLWTnPGBy3Fy3QuN+xVyynga2d/qvbOzsz9fel+oVc0EwjETM3Xoqxy6kYOYxGQerB7JrjZm+WE8MZEz9W3ZeE19ns7pV+cqyErHFs2+7W2TKKpGeDiD1ZJxRc3D9F3yt1Uxd2v7UBS1801U0TgzC6ZmQgDu7tZktWuik1XaM7M9ndesztt70um1cBu0QXZvasvztKzs5RNZ0/jbIdx6G13Ho7s69zJ93d3ssKatiqR22NbyGwA5P5d1OjTNMQ0eiZeom/e6txZWfYy/mdL49TjlkwwcXfZHs3tRq/wBkqYfogkRmPM7m5N73UVDnjpcZTa4sTf8A4onqytUhBrcjlVDE1+VN6GFoaWIW25Wf97+1JtWbDULvv0T6F2eIHb22V11Jjx90WKNjFwLwvt+5Zw6dp1KTyQd44nTndrLdyZhu+yFjraeQ8ANs32Uy2aVK9iSpdm1R3f1M6fNNE9vtG/pZc/KDS6k4E+Nyt704LQKZ7YV0mPzBbda0k12c3HyOWzLVpBeBmExe5e+6to7u1K72tzfuQeo6XFRQiYVXGdytjhZ0bo7Xof4nQ0tSuOm7ywiumaKmN77vskUdOZwHM17D8EXq0zHMMTdB3/et4ZaYKB4s+Z2/qnHiRzNVXZppUmUDg/VltXv/AHM2f2pdpkrBPi/R9kxr3fuZs27qMeZc1mGIhZ2szWu266KnN5YAJ93fb96RRwOUJm/sTHTZLwEO/LvutLxjox/GrDaZjqkt5Bjbo26GoN6oLWsy9IHq6wma9nJ/wZXoY7Vgs1rM6pdTgzqnXJkvqbs9SN2Tqjqpo6EAGQmH0+z8El1S/emZvYN1eLUjGNhaK9tlNZx0ay5VPIfqUjy0b58zjvltf6Jdpzuwys27dV5UVEtWODA7N6WvdF0tGdNRmUrWM9/jb4oWcdh066AqB71Q77tda6tUvtCz2bqSz05nasZ/q6xqn4uoOzts5WQ12KaanCGmk0UMUY1MwNJK+4gXRm97t7UzlOOpHGaCMhfblBmdYxszRizeyzL1nWTt56OqeFY7EVdTPQVQvEbkD+H329zpk8gy6fm1ruP9VjrA5wgTWu2yyo3fuBi/sWmc9mOXLaF4s7Ffo7J7RztLC1/E23VKqWIaqYhe7M3h+q1pzKlq3Arsz7K7nKI4eRp9h2oM3dbPzNldRTULPTNZ/coucvkryF+tQO+Ew322Jb6bVhLTtGRWNtkwIQMbEOQPt9UHL2fhmLKkqmjd98JGtv8AVUsNYKp1FZRXUK2OCJwErm+yB0WBykOd22G7CXxRQ9nsZL1FUxM3lDd/xR8cQRA0cQ4iyfSWBra3lnPszlqrP1510drb+xYjoMDG9X+cBzbfh4b3910Rs9lNtP0Xwr+inW3fgg9vMtdOLh0N/Y13Rsmjlq/I1VDAwb5S9Poyg6NM0RUEVRAR7/aXs1kJrBDWKbEEMT1+oOxu+Llf42TltHoNvtZ7/RnXtPpJ6XKYSyBJI/mje7Ld3/BOuTHSJng27YlmiCkrmaMnIGK4+x0fXkz0bv1vZ1qekT6nMzU0Wcjey7MrVGl1og1IUBPM3kGz7Ksp4ZmswnLF+nBnBMz73Q8c/d+ILbu+30TenoKihuM8RR5b83tQj6NV1MshwU80jPvyBdlcv+mdy1KaMtNifGWZ7bDZZ0DWrWe90zggeCjeMhsW+XvZ0NSwEEzE8ZDfe9nZJVkMatA+ou3erv7U9pJ3jgjYYo7beRnd0nqgc5ydxd2b4OmcTs0As+zbKbeEsGvDKq3kO7/IwuwjELvtyg10BUm7wyO7u7vdXd2+CyqNoD6eFZJvPZ1uFMvAr00neptjZljV8lc7v0YrrbTb96s+7deqL1Ch40bzx7mPiH2/VbtrODiU+OUGxGxxC7b3ZnXrv7WbdKqGuGIeFLdrIySugAb5sTusnLzg7Y5ZxkG1Q2xEPb1VacHagMrPusftK6ewi5E6ZTxNDR8Nug7f7rT1hHI3vTaAdMZu8Wba10RqUHMMw9W8Sw02/eHs3Rt02MGOIgfo+yHWKCePMdCsp+LSsz+JtlFhJG8RuL+xRXojB3Q19yt7lFFxnqk6dF5d1FEhnrdV6PVRRUB57lZlFEpEyeHooO6iiF7KkvBk7uQk4v8ALsveLJnlxCv777qKKjNkOWSZheQ3Ky3pa6qgjeOGcwH4KKKUQwbN3PiebxfvRU9VUSxYHLk30UUTJfsq1XLBC0Y4O3xFnQxO5yHdRRNlcftkDdl4OLu2QsQv5X6KKIRrforK9MAPNDSRxH8rutANwcSbqoorfswn6ns2iU1XFx2yiN2y5el1KLslFUz4HWSM3wFlFFqvRxP2zcKSGicaenDFz6m+7rA4GnicSJ2Z/coopfs6+P6FKfShpZHIZid397MtWbmUUU39i+H6gOpAzSATdVFFF0x6PP5fsf/Z"
      />
    </div>
    <div
      className="Carousel__CenterThumbnailBtn-sc-1g5uv4n-5 kOKioA"
    >
      <button
        className="Carousel__ThumbnailBtnRight-sc-1g5uv4n-4 iyVuCq"
        data-test="thumbnailBtnRight"
        onClick={[Function]}
      />
    </div>
  </div>
</div>
`;
